test_bootstrap_failure: error: This error was triggered on purpose.
