test_noprovider: error: Requirement 'inexistant' of component 'monolith' has no provider.
