punishment.byte: failure: Bad integer value '@' for 'monolith.number'.
