test_configfile_syntax: error: Syntax error in configuration file 'test_configfile_syntax.conf' on line 1.
