test_cyclic_dependency.byte: failure: Cyclic dependency on provision 'bike'.
