punishment.byte: failure: Bad integer value 'ten times' for 'monolith.number' in 'punishment.conf'.
