<?xml version="1.0" encoding="UTF-8"?>
<!DOCTYPE HTML PUBLIC "-//W3C//DTD HTML 4.01//EN">
<html>
  <body>
    <h1>My First Heading</h1>
    <p>This rather long paragraph is used to demonstrate how text is
    folded within a regular paragraph.</p>
  </body>
</html>
