Usage: unit_testing [-h | -l | -x | suite1 [suite2 [...]]]
 Run unitary tests
Options:
 -h Display a cheerful help message.
 -l List available test suites.
 -x List all test suites marked as expected failures.
Exit Status:
 The unit_testing program exits 0 on success and 1 if a test case failed.
