À
ces
mots
le
roi
courut
à
la
pucelle
et
ils
s
embrassèrent
et
s
accolèrent
comme
jeunes
gens
qui
s
aiment
Puis
s
étant
couvert
le
chef
d
un
heaume
que
Guenièvre
lui
avait
donné
Artus
monta
à
cheval
et
sa
troupe
se
mit
en
marche
au
petit
pas
lances
basses
et
gonfanons
ployés
