flag a
flag v
flag a
flag v
flag a
flag a
flag v
option s = "va"
